[www.shoponline.land/products/smartwatch-serie-8-ultra-ultimas-unidadesdfcb.html]
[backblue.gif]
[fade.gif]
[index.html]
[www.shoponline.land/products/smartwatch-serie-8-ultra-ultimas-unidades.html]
[cdn.shopify.com/s/files/1/0711/9618/0758/files/aurora-favicon_96x966fb4.png]
[fonts.shopifycdn.com/index.html]
[cdn.shopify.com/s/files/1/0711/9618/0758/t/5/assets/themec745.css]
[cdn.shopify.com/index.html]
[code.jquery.com/jquery-3.6.0.min.js]
[code.jquery.com/jquery-migrate-3.4.0.min.js]
[fonts.shopifycdn.com/poppins/poppins_n6.e2fdd168541a5add2d1a8d6f2b89b09c9c9e690d60f4.woff2]
[fonts.shopifycdn.com/poppins/poppins_i6.672e5321078e70c7e1abdba4d92995c37fb35eae03bf.woff2]
[fonts.shopifycdn.com/poppins/poppins_n4.934accbf9f5987aa89334210e6c1e9151f37d3b646f0.woff2]
[fonts.shopifycdn.com/poppins/poppins_n7.58aca33913fc6666cc9e8a53f6b16ec5c3c05a3f2db1.woff2]
[fonts.shopifycdn.com/poppins/poppins_i4.a7e8d886e15d5fb9bc964a53b3278effbf270e9cf26b.woff2]
[fonts.shopifycdn.com/poppins/poppins_i7.4f85a5d51a1aecf426eea47ac4570ef7341bfdc10b34.woff2]
[cdn.jsdelivr.net/npm/css-vars-ponyfill@2]
[www.shoponline.land/products/smartwatch-serie-8-ultra-ultimas-unidades.oembed]
[cdn.shopify.com/shopifycloud/checkout-web/assets/checkout-web-packages_Information_NoAddressLocation_Payment_PostPurchase_Review_Shipping_ShopPay_Sho_cf13f96e.latest.pt-BR.04837ae4ff5a8e949953.js]
[cdn.shopify.com/shopifycloud/checkout-web/assets/Information_Payment_ShopPay.latest.pt-BR.1ee94bfe955890953915.js]
[cdn.shopify.com/shopifycloud/checkout-web/assets/Information.latest.pt-BR.b6d56d974455e92c403f.js]
[cdn.shopify.com/shopifycloud/checkout-web/assets/checkout-web-ui_app.latest.pt-BR.86cd9328cdcd6cd3a58f.js]
[cdn.shopify.com/shopifycloud/checkout-web/assets/checkout-web-packages_app.latest.pt-BR.c85a26e569936f41cfde.js]
[cdn.shopify.com/shopifycloud/checkout-web/assets/vendors_app.latest.pt-BR.1b73e6c0386ec1fa21ea.js]
[cdn.shopify.com/shopifycloud/checkout-web/assets/app.latest.pt-BR.6b4c79ead7042980b29d.css]
[cdn.shopify.com/shopifycloud/checkout-web/assets/vendors_app.latest.pt-BR.e788719f193b49c039a3.css]
[cdn.shopify.com/shopifycloud/checkout-web/assets/Information_Payment_ShopPay.latest.pt-BR.da9f06164a980bf8e7ea.css]
[www.shoponline.land/products/GET]
[cdn.shopify.com/shopifycloud/storefront-recaptcha-v3/v0.6/index.js]
[cdn.shopify.com/shopifycloud/shopify/assets/storefront/load_feature-e154599399e6b8b29dcb1102cc76eb199fa33a09af4fa78d15e8f8544ee64fcd.js]
[cdn.shopify.com/shopifycloud/shopify/assets/storefront/features-87e8399988880142f2c62771b9d8f2ff6c290b3ff745dd426eb0dfe0db9d1dae.js]
[cdn.polyfill.io/v3/polyfill.mina617.js]
[cdn.shopify.com/s/files/1/0711/9618/0758/t/5/assets/theme.min5e78.js]
[cdn.shopify.com/s/files/1/0711/9618/0758/t/5/assets/customc32a.js]
[cdnjs.cloudflare.com/ajax/libs/font-awesome/4.7.0/css/font-awesome.min.css]
[www.shoponline.land/products/POST.27.delayed]
[cdn.shopify.com/s/trekkie.storefront.74b32a91b1cd778e49d480639c037060707fde29.min.js]
[cdn.shopify.com/shopifycloud/shopify/assets/shop_events_listener-65cd0ba3fcd81a1df33f2510ec5bcf8c0e0958653b50e3965ec972dd638ee13f.js]
[cdn.shopify.com/shopifycloud/boomerang/shopify-boomerang-1.0.0.min.js]
[www.google-analytics.com/analytics.js]
[cdn.shopify.com/s/files/1/0711/9618/0758/files/aurora-logo_215x@2x5ab7.png]
[cdn.shopify.com/s/files/1/0711/9618/0758/products/S1281e7ec6d4742faa02c3298b1248629U_de70c31e-8c4d-4c62-8098-a156481b7553_800x6bd9.jpg]
[cdn.shopify.com/s/files/1/0711/9618/0758/products/S99a434504fb242508b5dc958c28c7dd83_89816c48-2b24-4f86-b90d-e8569f46a926_800x6bd9.jpg]
[cdn.shopify.com/s/files/1/0711/9618/0758/products/S5a5fd4d2a40a4600932b419039f0bad3h_927ea357-5760-4eb9-8d18-078e9097af7f_800x6bd9.jpg]
[cdn.shopify.com/s/files/1/0711/9618/0758/products/Sb76f76c5766b446ba1cfc2e479dfe4d1e_19119c31-87ec-439d-a1ac-dcd2869a34eb_800x6bd9.jpg]
[cdn.shopify.com/s/files/1/0711/9618/0758/products/S29c573a4456b406aa83ec9d6049f9dc87_71f214a9-8901-458c-9765-5bef025bd34c_800x6bd9.jpg]
[cdn.shopify.com/s/files/1/0711/9618/0758/products/Imagemingles.translated_05a432ec-1c48-40f1-baef-d53a14f676bf_800x6bd9.jpg]
[cdn.shopify.com/s/files/1/0711/9618/0758/products/Relogio2_png_34efce5c-752c-4f11-8f0b-26d22e0089da_800x6bd9.jpg]
[cdn.shopify.com/s/files/1/0711/9618/0758/products/S1281e7ec6d4742faa02c3298b1248629U_de70c31e-8c4d-4c62-8098-a156481b7553_1024x6bd9.jpg]
[cdn.shopify.com/s/files/1/0711/9618/0758/products/S99a434504fb242508b5dc958c28c7dd83_89816c48-2b24-4f86-b90d-e8569f46a926_1024x6bd9.jpg]
[cdn.shopify.com/s/files/1/0711/9618/0758/products/S5a5fd4d2a40a4600932b419039f0bad3h_927ea357-5760-4eb9-8d18-078e9097af7f_1024x6bd9.jpg]
[cdn.shopify.com/s/files/1/0711/9618/0758/products/Sb76f76c5766b446ba1cfc2e479dfe4d1e_19119c31-87ec-439d-a1ac-dcd2869a34eb_1024x6bd9.jpg]
[cdn.shopify.com/s/files/1/0711/9618/0758/products/S29c573a4456b406aa83ec9d6049f9dc87_71f214a9-8901-458c-9765-5bef025bd34c_1024x6bd9.jpg]
[cdn.shopify.com/s/files/1/0711/9618/0758/products/Imagemingles.translated_05a432ec-1c48-40f1-baef-d53a14f676bf_1024x6bd9.jpg]
[cdn.shopify.com/s/files/1/0711/9618/0758/products/Relogio2_png_34efce5c-752c-4f11-8f0b-26d22e0089da_1024x6bd9.jpg]
[cdn.shopify.com/s/files/1/0611/1471/2252/files/correios-logo_13806.svg]
[ajax.googleapis.com/ajax/libs/jquery/1.11.1/jquery.min.js]
[cdn.shopify.com/s/files/1/0590/0963/0400/t/4/assets/amexc59d.svg]
[cdn.shopify.com/s/files/1/0590/0963/0400/t/4/assets/boletodc23.svg]
[cdn.shopify.com/s/files/1/0590/0963/0400/t/4/assets/mastercard285f.svg]
[cdn.shopify.com/s/files/1/0590/0963/0400/t/4/assets/visafb03.svg]
[cdn.shopify.com/s/files/1/0590/0963/0400/t/4/assets/eloe4e0.svg]
[cdn.shopify.com/s/files/1/0590/0963/0400/t/4/assets/icon-pix5d7a.png]
[cdn.shopify.com/s/files/1/0598/8601/0518/files/1_0bb62bc5-c9ec-408d-b5df-b59fd15c22f5_2048x2048cc6c.png]
[cdn.shopify.com/s/files/1/0598/8601/0518/files/3_c9c4e6d0-441d-40de-a61d-7cb268d50394_2048x2048a1f4.png]
[cdn.shopify.com/s/files/1/0598/8601/0518/files/4_5eb5c13a-ac8f-4211-803a-52d629f3307f_2048x2048bfcd.png]
[cdn.shopify.com/s/files/1/0598/8601/0518/files/6_dc78ff5a-0bc9-4f63-b871-26e4ed4aec1d_2048x20487338.png]
[cdn.shopify.com/s/files/1/0598/8601/0518/files/7_8ceb5c92-47f0-4db5-9a92-0168504fe30d_2048x2048e490.png]
[cdn.shopify.com/s/files/1/0598/8601/0518/files/8_2048x2048c988.png]
[cdn.shopify.com/s/files/1/0598/8601/0518/files/9_a829b071-b28f-4ecc-8804-c334168364e1_2048x2048c553.png]
[cdn.shopify.com/s/files/1/0598/8601/0518/files/10_8fc34bdd-ce0e-4094-b937-bd5c6b6e0952_2048x2048af83.png]
[cdn.shopify.com/s/files/1/0598/8601/0518/files/11_4489080d-aca2-47a4-a366-e10d0dd6b488_2048x20484d34.png]
[cdn.shopify.com/s/files/1/0598/8601/0518/files/14_65eea9e7-ae59-486d-9056-ee53fc0e267c_2048x2048930d.png]
[empreender.nyc3.digitaloceanspaces.com/dropi/635da49d68ef3.png]
[empreender.nyc3.digitaloceanspaces.com/dropi/635da49ee7952.png]
[cdn.shopify.com/s/files/1/0299/1718/4138/files/CapturadeTela2022-10-27as14.20.24_480x4801189.png]
[cdn.shopify.com/s/files/1/0299/1718/4138/files/CapturadeTela2022-10-27as14.39.17_480x480c8f7.png]
[cdn.shopify.com/s/files/1/0299/1718/4138/files/CapturadeTela2022-10-27as15.16.45_480x4809507.png]
[ajax.googleapis.com/ajax/libs/jquery/3.2.1/jquery.min.js]
[unpkg.com/dayjs@1.8.21/dayjs.min.js]
[unpkg.com/dayjs@1.8.21/locale/pt-br.js]
[cdn.shopify.com/s/files/1/0711/9618/0758/files/aurora-logo_140x@2x5ab7.png]
[api.dooki.com.br/index.html]
[www.mercadopago.com/v2/security.js]
[cdn.yampi.me/shopify/checkout.css]
[www.shoponline.land/products/shoponline3016.myshopify.71.delayed]
[www.shoponline.land/cart/clear.js]
[www.shoponline.land/products/window.location.href]
[www.shoponline.land/products/url]
[www.shoponline.land/products/smartwatch-serie-8-ultra-ultimas-unidadesdfcb.html]
[www.shoponline.land/products/smartwatch-serie-8-ultra-ultimas-unidades.html]
[loox.io/widget/Y3FOiru-iZ/loox.1676519066667952c.js]
[cdn.shopify.com/static/imagery-landing/social_header.jpg]
[cdn.shopify.com/static/shopify-favicon.png]
[cdn.shopify.com/static/imagery-landing/croppr/croppr.2.3.1.css]
[cdn.shopify.com/static/imagery-landing/croppr/croppr.2.3.1.js]
[cdn.shopify.com/static/imagery-landing/prism/prism.1.27.0.js]
[cdn.shopify.com/static/imagery-landing/shopify_monotone_white.svg]
[cdn.shopify.com/originalUrl]
[cdn.shopify.com/value]
[cdn.shopify.com/src]
[cdn.shopify.com/original]
[cdn.shopify.com/url]
[cdn.shopify.com/index.html]
[fonts.shopifycdn.com/index.html]
[productreviews.shopifycdn.com/index.html]
[productreviews.shopifycdn.com/login.html]
[ajax.googleapis.com/index.html]
[maps.googleapis.com/index.html]
[maps.gstatic.com/index.html]
[www.shoponline.land/products/GET.html]
[monorail-edge.shopifysvc.com/index.html]
[www.shoponline.land/products/POST.html]
[api.dooki.com.br/index.html]
[api.yampi.io/index.html]
[www.shoponline.land/products/shoponline3016.myshopify.com]
[www.shoponline.land/products/window.location.href]
[www.shoponline.land/products/url.html]
[cdn.shopify.com/originalUrl.html]
[cdn.shopify.com/value.html]
[cdn.shopify.com/src.html]
[cdn.shopify.com/original.html]
[cdn.shopify.com/url.html]
[productreviews.shopifycdn.com/login.html]
[fonts.shopifycdn.com/poppins/poppins_n6.e2fdd168541a5add2d1a8d6f2b89b09c9c9e690d60f4.woff2]
[www.googletagmanager.com/gtm5445.html]
[cdn.shopify.com/shopifycloud/checkout-web/assets/checkout-web-packages_Information_NoAddressLocation_Payment_PostPurchase_Review_Shipping_ShopPay_Sho_cf13f96e.latest.pt-BR.04837ae4ff5a8e949953.js]
[www.shoponline.land/products/smartwatch-serie-8-ultra-ultimas-unidades.oembed]
[cdn.shopify.com/s/files/1/0711/9618/0758/t/5/assets/themec745.css]
[cdn.shopify.com/shopifycloud/checkout-web/assets/Information_Payment_ShopPay.latest.pt-BR.1ee94bfe955890953915.js]
[fonts.shopifycdn.com/poppins/poppins_i6.672e5321078e70c7e1abdba4d92995c37fb35eae03bf.woff2]
[cdn.shopify.com/shopifycloud/checkout-web/assets/Information.latest.pt-BR.b6d56d974455e92c403f.js]
[cdn.shopify.com/shopifycloud/checkout-web/assets/vendors_app.latest.pt-BR.e788719f193b49c039a3.css]
[cdn.shopify.com/shopifycloud/shopify/assets/storefront/load_feature-e154599399e6b8b29dcb1102cc76eb199fa33a09af4fa78d15e8f8544ee64fcd.js]
[cdn.shopify.com/shopifycloud/checkout-web/assets/app.latest.pt-BR.6b4c79ead7042980b29d.css]
[cdn.shopify.com/shopifycloud/checkout-web/assets/Information_Payment_ShopPay.latest.pt-BR.da9f06164a980bf8e7ea.css]
[cdn.shopify.com/shopifycloud/shopify/assets/storefront/features-87e8399988880142f2c62771b9d8f2ff6c290b3ff745dd426eb0dfe0db9d1dae.js]
[cdn.shopify.com/s/trekkie.storefront.74b32a91b1cd778e49d480639c037060707fde29.min.js]
[cdnjs.cloudflare.com/ajax/libs/font-awesome/4.7.0/fonts/fontawesome-webfont3e6e.svg]
[cdnjs.cloudflare.com/ajax/libs/font-awesome/4.7.0/css/font-awesome.min.css]
[cdn.shopify.com/shopifycloud/shopify/assets/shop_events_listener-65cd0ba3fcd81a1df33f2510ec5bcf8c0e0958653b50e3965ec972dd638ee13f.js]
[cdn.shopify.com/s/files/1/0711/9618/0758/products/S99a434504fb242508b5dc958c28c7dd83_89816c48-2b24-4f86-b90d-e8569f46a926_800x6bd9.jpg]
[cdn.shopify.com/s/files/1/0711/9618/0758/products/S29c573a4456b406aa83ec9d6049f9dc87_71f214a9-8901-458c-9765-5bef025bd34c_800x6bd9.jpg]
[cdn.shopify.com/s/files/1/0611/1471/2252/files/correios-logo_13806.svg]
[cdn.shopify.com/s/files/1/0598/8601/0518/files/1_0bb62bc5-c9ec-408d-b5df-b59fd15c22f5_2048x2048cc6c.png]
[cdn.shopify.com/s/files/1/0590/0963/0400/t/4/assets/amexc59d.svg]
[cdn.shopify.com/s/files/1/0590/0963/0400/t/4/assets/boletodc23.svg]
[cdn.shopify.com/s/files/1/0598/8601/0518/files/3_c9c4e6d0-441d-40de-a61d-7cb268d50394_2048x2048a1f4.png]
[cdn.shopify.com/s/files/1/0590/0963/0400/t/4/assets/mastercard285f.svg]
[cdn.shopify.com/s/files/1/0598/8601/0518/files/4_5eb5c13a-ac8f-4211-803a-52d629f3307f_2048x2048bfcd.png]
[cdn.shopify.com/s/files/1/0590/0963/0400/t/4/assets/visafb03.svg]
[cdn.shopify.com/s/files/1/0598/8601/0518/files/6_dc78ff5a-0bc9-4f63-b871-26e4ed4aec1d_2048x20487338.png]
[cdn.shopify.com/s/files/1/0590/0963/0400/t/4/assets/eloe4e0.svg]
[cdn.shopify.com/s/files/1/0598/8601/0518/files/7_8ceb5c92-47f0-4db5-9a92-0168504fe30d_2048x2048e490.png]
[cdn.shopify.com/s/files/1/0598/8601/0518/files/8_2048x2048c988.png]
[www.mercadopago.com/v2/security.js]
[cdn.yampi.me/shopify/checkout.css]
[www.shoponline.land/cart/clear.js]
[www.shoponline.land/cart/add.js]
[cdn.shopify.com/static/imagery-landing/croppr/croppr.2.3.1.js]
[cdn.shopify.com/static/imagery-landing/croppr/croppr.2.3.1.css]
[cdn.shopify.com/static/imagery-landing/shopify_monotone_white.svg]
[cdnjs.cloudflare.com/ajax/libs/font-awesome/4.7.0/fonts/fontawesome-webfont3e6e.svg]
